C:\pypsa>git add .

C:\pypsa>git commit -m "Apply custom modifications to main pypsa (pypsa-mga)"
[main f7988dd6] Apply custom modifications to pypsa
 3 files changed, 61 insertions(+), 24 deletions(-)

C:\pypsa>git push origin master
info: please complete authentication in your browser...
Enumerating objects: 5, done.
Counting objects: 100% (5/5), done.
Delta compression using up to 12 threads
Compressing objects: 100% (3/3), done.
Writing objects: 100% (3/3), 472 bytes | 236.00 KiB/s, done.
Total 3 (delta 1), reused 0 (delta 0), pack-reused 0 (from 0)
remote: Resolving deltas: 100% (1/1), completed with 1 local object.
To https://github.com/dhoop-iidev/pypsa.git
   7e04bfc..c058df8  master -> master

C:\pypsa>cd pypsa-earth

C:\pypsa\pypsa-earth>git add .

C:\pypsa\pypsa-earth>git commit -m "Apply custom modifications to pypsa-earth"
[main f7988dd6] Apply custom modifications to pypsa-earth
 3 files changed, 61 insertions(+), 24 deletions(-)

C:\pypsa\pypsa-earth>git push origin main
Enumerating objects: 11, done.
Counting objects: 100% (11/11), done.
Delta compression using up to 12 threads
Compressing objects: 100% (6/6), done.
Writing objects: 100% (6/6), 1.18 KiB | 1.18 MiB/s, done.
Total 6 (delta 5), reused 0 (delta 0), pack-reused 0 (from 0)
remote: Resolving deltas: 100% (5/5), completed with 5 local objects.
To https://github.com/dhoop-iidev/pypsa-earth.git
   7d348d76..f7988dd6  main -> main